******************************************************************************
                  TI ARM Linker PC v16.9.6                     
******************************************************************************
>> Linked Sun Mar 04 16:49:27 2018

OUTPUT FILE NAME:   <UART_Initialize.out>
ENTRY POINT SYMBOL: "_c_int00"  address: 00000725


MEMORY CONFIGURATION

         name            origin    length      used     unused   attr    fill
----------------------  --------  ---------  --------  --------  ----  --------
  MAIN                  00000000   00040000  000009e6  0003f61a  R  X
  INFO                  00200000   00004000  00000000  00004000  R  X
  SRAM_CODE             01000000   00010000  0000042c  0000fbd4  RW X
  SRAM_DATA             20000000   00010000  0000042c  0000fbd4  RW  


SEGMENT ALLOCATION MAP

run origin  load origin   length   init length attrs members
----------  ----------- ---------- ----------- ----- -------
00000000    00000000    000009e8   000009e8    r-x
  00000000    00000000    000000e4   000000e4    r-- .intvecs
  000000e4    000000e4    0000083a   0000083a    r-x .text
  00000920    00000920    00000090   00000090    r-- .const
  000009b0    000009b0    00000038   00000038    r-- .cinit
20000000    20000000    0000022c   00000000    rw-
  20000000    20000000    00000214   00000000    rw- .bss
  20000214    20000214    00000018   00000000    rw- .data
2000fe00    2000fe00    00000200   00000000    rw-
  2000fe00    2000fe00    00000200   00000000    rw- .stack


SECTION ALLOCATION MAP

 output                                  attributes/
section   page    origin      length       input sections
--------  ----  ----------  ----------   ----------------
.intvecs   0    00000000    000000e4     
                  00000000    000000e4     startup_msp432p401r_ccs.obj (.intvecs:retain)

.binit     0    00000000    00000000     

.text      0    000000e4    0000083a     
                  000000e4    000000bc     main.obj (.text:main)
                  000001a0    000000bc     UART_Init.obj (.text:uart0Init)
                  0000025c    000000bc     UART_Init.obj (.text:uart1Init)
                  00000318    0000009c     rtsv7M4_T_le_v4SPD16_eabi.lib : memcpy_t2.obj (.text)
                  000003b4    0000007a                                   : memset_t2.obj (.text)
                  0000042e    00000002     startup_msp432p401r_ccs.obj (.text:Default_Handler)
                  00000430    00000078     system_msp432p401r.obj (.text:SystemInit)
                  000004a8    00000070     rtsv7M4_T_le_v4SPD16_eabi.lib : autoinit.obj (.text)
                  00000518    0000006c     UART_Init.obj (.text:EUSCIA1_IRQHandler)
                  00000584    0000006c     UART_Init.obj (.text:EUSCIA2_IRQHandler)
                  000005f0    0000006c     UART_Init.obj (.text:EUSCIA3_IRQHandler)
                  0000065c    00000068     rtsv7M4_T_le_v4SPD16_eabi.lib : copy_decompress_lzss.obj (.text:decompress:lzss)
                  000006c4    00000060     UART_Init.obj (.text:EUSCIA0_IRQHandler)
                  00000724    00000054     rtsv7M4_T_le_v4SPD16_eabi.lib : boot.obj (.text)
                  00000778    00000054                                   : exit.obj (.text)
                  000007cc    0000004c                                   : cpy_tbl.obj (.text)
                  00000818    0000004c     UART_Init.obj (.text:uartPrint)
                  00000864    00000028     msp432p4xx_driverlib.lib : flash_MSP432P4XX.obj (.text:FlashCtl_setWaitState)
                  0000088c    00000024                              : cs_MSP432P4XX.obj (.text:CS_setDCOCenteredFrequency)
                  000008b0    00000018     rtsv7M4_T_le_v4SPD16_eabi.lib : args_main.obj (.text)
                  000008c8    00000014                                   : _lock.obj (.text)
                  000008dc    00000014                                   : strlen.obj (.text)
                  000008f0    0000000e                                   : copy_decompress_none.obj (.text:decompress:none)
                  000008fe    0000000c     startup_msp432p401r_ccs.obj (.text:Reset_Handler)
                  0000090a    0000000c     rtsv7M4_T_le_v4SPD16_eabi.lib : copy_zero_init.obj (.text:decompress:ZI)
                  00000916    00000004                                   : pre_init.obj (.text)
                  0000091a    00000002                                   : mpu_init.obj (.text)
                  0000091c    00000002                                   : startup.obj (.text)

.const     0    00000920    00000090     
                  00000920    00000024     UART_Init.obj (.const:uart115200_24MHz)
                  00000944    00000024     UART_Init.obj (.const:uart19200_24MHz)
                  00000968    00000024     UART_Init.obj (.const:uart57600_24MHz)
                  0000098c    00000024     UART_Init.obj (.const:uart9600_24MHz)

.cinit     0    000009b0    00000038     
                  000009b0    00000011     (.cinit..data.load) [load image, compression = lzss]
                  000009c1    00000003     --HOLE-- [fill = 0]
                  000009c4    0000000c     (__TI_handler_table)
                  000009d0    00000008     (.cinit..bss.load) [load image, compression = zero_init]
                  000009d8    00000010     (__TI_cinit_table)

.init_array 
*          0    00000000    00000000     UNINITIALIZED

.bss       0    20000000    00000214     UNINITIALIZED
                  20000000    00000080     (.common:rx0buf)
                  20000080    00000080     (.common:rx1buf)
                  20000100    00000080     (.common:rx2buf)
                  20000180    00000080     (.common:rx3buf)
                  20000200    00000004     (.common:buff0Index)
                  20000204    00000004     (.common:buff1Index)
                  20000208    00000004     (.common:buff2Index)
                  2000020c    00000004     (.common:buff3Index)
                  20000210    00000001     (.common:UART0RxData)
                  20000211    00000001     (.common:UART1RxData)
                  20000212    00000001     (.common:UART2RxData)
                  20000213    00000001     (.common:UART3RxData)

.data      0    20000214    00000018     UNINITIALIZED
                  20000214    0000000c     rtsv7M4_T_le_v4SPD16_eabi.lib : exit.obj (.data:$O1$$)
                  20000220    00000008                                   : _lock.obj (.data:$O1$$)
                  20000228    00000004                                   : stkdepth_vars.obj (.data)

.stack     0    2000fe00    00000200     UNINITIALIZED
                  2000fe00    00000200     --HOLE--

MODULE SUMMARY

       Module                        code   ro data   rw data
       ------                        ----   -------   -------
    .\
       UART_Init.obj                 872    144       1064   
       main.obj                      188    0         0      
       system_msp432p401r.obj        120    0         0      
    +--+-----------------------------+------+---------+---------+
       Total:                        1180   144       1064   
                                                             
    .\ccs\
       startup_msp432p401r_ccs.obj   14     228       0      
    +--+-----------------------------+------+---------+---------+
       Total:                        14     228       0      
                                                             
    C:/ti/simplelink_msp432p4_sdk_1_60_00_12/source/ti/devices/msp432p4xx/driverlib/ccs/msp432p4xx_driverlib.lib
       flash_MSP432P4XX.obj          40     0         0      
       cs_MSP432P4XX.obj             36     0         0      
    +--+-----------------------------+------+---------+---------+
       Total:                        76     0         0      
                                                             
    C:\ti\ccsv7\tools\compiler\ti-cgt-arm_16.9.6.LTS\lib\rtsv7M4_T_le_v4SPD16_eabi.lib
       memcpy_t2.obj                 156    0         0      
       memset_t2.obj                 122    0         0      
       autoinit.obj                  112    0         0      
       exit.obj                      84     0         24     
       copy_decompress_lzss.obj      104    0         0      
       boot.obj                      84     0         0      
       cpy_tbl.obj                   76     0         0      
       _lock.obj                     20     0         16     
       args_main.obj                 24     0         0      
       strlen.obj                    20     0         0      
       copy_decompress_none.obj      14     0         0      
       copy_zero_init.obj            12     0         0      
       stkdepth_vars.obj             0      0         8      
       pre_init.obj                  4      0         0      
       mpu_init.obj                  2      0         0      
       startup.obj                   2      0         0      
    +--+-----------------------------+------+---------+---------+
       Total:                        836    0         48     
                                                             
       Stack:                        0      0         1024   
       Linker Generated:             0      53        0      
    +--+-----------------------------+------+---------+---------+
       Grand Total:                  2106   425       2136   


LINKER GENERATED COPY TABLES

__TI_cinit_table @ 000009d8 records: 2, size/record: 8, table size: 16
	.data: load addr=000009b0, load size=00000011 bytes, run addr=20000214, run size=00000018 bytes, compression=lzss
	.bss: load addr=000009d0, load size=00000008 bytes, run addr=20000000, run size=00000214 bytes, compression=zero_init


LINKER GENERATED HANDLER TABLE

__TI_handler_table @ 000009c4 records: 3, size/record: 4, table size: 12
	index: 0, handler: __TI_decompress_lzss
	index: 1, handler: __TI_decompress_none
	index: 2, handler: __TI_zero_init


GLOBAL SYMBOLS: SORTED ALPHABETICALLY BY Name 

address   name                           
-------   ----                           
0000042f  ADC14_IRQHandler               
0000042f  AES256_IRQHandler              
0000042f  BusFault_Handler               
00000779  C$$EXIT                        
0000042f  COMP_E0_IRQHandler             
0000042f  COMP_E1_IRQHandler             
0000042f  CS_IRQHandler                  
0000088d  CS_setDCOCenteredFrequency     
0000042f  DMA_ERR_IRQHandler             
0000042f  DMA_INT0_IRQHandler            
0000042f  DMA_INT1_IRQHandler            
0000042f  DMA_INT2_IRQHandler            
0000042f  DMA_INT3_IRQHandler            
0000042f  DebugMon_Handler               
0000042f  Default_Handler                
000006c5  EUSCIA0_IRQHandler             
000006c5  EUSCIA0_IRQHandler             
00000519  EUSCIA1_IRQHandler             
00000519  EUSCIA1_IRQHandler             
00000585  EUSCIA2_IRQHandler             
00000585  EUSCIA2_IRQHandler             
000005f1  EUSCIA3_IRQHandler             
000005f1  EUSCIA3_IRQHandler             
0000042f  EUSCIB0_IRQHandler             
0000042f  EUSCIB1_IRQHandler             
0000042f  EUSCIB2_IRQHandler             
0000042f  EUSCIB3_IRQHandler             
0000042f  FLCTL_IRQHandler               
0000042f  FPU_IRQHandler                 
00000865  FlashCtl_setWaitState          
0000042f  HardFault_Handler              
0000042f  MemManage_Handler              
0000042f  NMI_Handler                    
0000042f  PCM_IRQHandler                 
0000042f  PORT1_IRQHandler               
0000042f  PORT2_IRQHandler               
0000042f  PORT3_IRQHandler               
0000042f  PORT4_IRQHandler               
0000042f  PORT5_IRQHandler               
0000042f  PORT6_IRQHandler               
0000042f  PSS_IRQHandler                 
0000042f  PendSV_Handler                 
0000042f  RTC_C_IRQHandler               
000008ff  Reset_Handler                  
UNDEFED   SHT$$INIT_ARRAY$$Base          
UNDEFED   SHT$$INIT_ARRAY$$Limit         
0000042f  SVC_Handler                    
0000042f  SysTick_Handler                
00000431  SystemInit                     
0000042f  T32_INT1_IRQHandler            
0000042f  T32_INT2_IRQHandler            
0000042f  T32_INTC_IRQHandler            
0000042f  TA0_0_IRQHandler               
0000042f  TA0_N_IRQHandler               
0000042f  TA1_0_IRQHandler               
0000042f  TA1_N_IRQHandler               
0000042f  TA2_0_IRQHandler               
0000042f  TA2_N_IRQHandler               
0000042f  TA3_0_IRQHandler               
0000042f  TA3_N_IRQHandler               
20000210  UART0RxData                    
20000211  UART1RxData                    
20000212  UART2RxData                    
20000213  UART3RxData                    
0000042f  UsageFault_Handler             
4000480c  WDTCTL_SYM                     
0000042f  WDT_A_IRQHandler               
20010000  __STACK_END                    
00000200  __STACK_SIZE                   
000009d8  __TI_CINIT_Base                
000009e8  __TI_CINIT_Limit               
000009c4  __TI_Handler_Table_Base        
000009d0  __TI_Handler_Table_Limit       
000004a9  __TI_auto_init                 
20000214  __TI_cleanup_ptr               
0000065d  __TI_decompress_lzss           
000008f1  __TI_decompress_none           
20000218  __TI_dtors_ptr                 
2000021c  __TI_enable_exit_profile_output
ffffffff  __TI_pprof_out_hndl            
ffffffff  __TI_prof_data_size            
ffffffff  __TI_prof_data_start           
00000000  __TI_static_base__             
0000090b  __TI_zero_init                 
000003b5  __aeabi_memclr                 
000003b5  __aeabi_memclr4                
000003b5  __aeabi_memclr8                
00000319  __aeabi_memcpy                 
00000319  __aeabi_memcpy4                
00000319  __aeabi_memcpy8                
000003b7  __aeabi_memset                 
000003b7  __aeabi_memset4                
000003b7  __aeabi_memset8                
ffffffff  __binit__                      
ffffffff  __c_args__                     
0000091b  __mpu_init                     
2000fe00  __stack                        
000008b1  _args_main                     
00000725  _c_int00                       
20000220  _lock                          
000008d7  _nop                           
000008cf  _register_lock                 
000008c9  _register_unlock               
0000091d  _system_post_cinit             
00000917  _system_pre_init               
20000224  _unlock                        
0000077d  abort                          
ffffffff  binit                          
20000200  buff0Index                     
20000204  buff1Index                     
20000208  buff2Index                     
2000020c  buff3Index                     
000007cd  copy_in                        
00000785  exit                           
00000000  interruptVectors               
000000e5  main                           
20000228  main_func_sp                   
00000319  memcpy                         
000003bd  memset                         
20000000  rx0buf                         
20000080  rx1buf                         
20000100  rx2buf                         
20000180  rx3buf                         
000008dd  strlen                         
000001a1  uart0Init                      
00000920  uart115200_24MHz               
00000944  uart19200_24MHz                
0000025d  uart1Init                      
00000968  uart57600_24MHz                
0000098c  uart9600_24MHz                 
00000819  uartPrint                      


GLOBAL SYMBOLS: SORTED BY Symbol Address 

address   name                           
-------   ----                           
00000000  __TI_static_base__             
00000000  interruptVectors               
000000e5  main                           
000001a1  uart0Init                      
00000200  __STACK_SIZE                   
0000025d  uart1Init                      
00000319  __aeabi_memcpy                 
00000319  __aeabi_memcpy4                
00000319  __aeabi_memcpy8                
00000319  memcpy                         
000003b5  __aeabi_memclr                 
000003b5  __aeabi_memclr4                
000003b5  __aeabi_memclr8                
000003b7  __aeabi_memset                 
000003b7  __aeabi_memset4                
000003b7  __aeabi_memset8                
000003bd  memset                         
0000042f  ADC14_IRQHandler               
0000042f  AES256_IRQHandler              
0000042f  BusFault_Handler               
0000042f  COMP_E0_IRQHandler             
0000042f  COMP_E1_IRQHandler             
0000042f  CS_IRQHandler                  
0000042f  DMA_ERR_IRQHandler             
0000042f  DMA_INT0_IRQHandler            
0000042f  DMA_INT1_IRQHandler            
0000042f  DMA_INT2_IRQHandler            
0000042f  DMA_INT3_IRQHandler            
0000042f  DebugMon_Handler               
0000042f  Default_Handler                
0000042f  EUSCIB0_IRQHandler             
0000042f  EUSCIB1_IRQHandler             
0000042f  EUSCIB2_IRQHandler             
0000042f  EUSCIB3_IRQHandler             
0000042f  FLCTL_IRQHandler               
0000042f  FPU_IRQHandler                 
0000042f  HardFault_Handler              
0000042f  MemManage_Handler              
0000042f  NMI_Handler                    
0000042f  PCM_IRQHandler                 
0000042f  PORT1_IRQHandler               
0000042f  PORT2_IRQHandler               
0000042f  PORT3_IRQHandler               
0000042f  PORT4_IRQHandler               
0000042f  PORT5_IRQHandler               
0000042f  PORT6_IRQHandler               
0000042f  PSS_IRQHandler                 
0000042f  PendSV_Handler                 
0000042f  RTC_C_IRQHandler               
0000042f  SVC_Handler                    
0000042f  SysTick_Handler                
0000042f  T32_INT1_IRQHandler            
0000042f  T32_INT2_IRQHandler            
0000042f  T32_INTC_IRQHandler            
0000042f  TA0_0_IRQHandler               
0000042f  TA0_N_IRQHandler               
0000042f  TA1_0_IRQHandler               
0000042f  TA1_N_IRQHandler               
0000042f  TA2_0_IRQHandler               
0000042f  TA2_N_IRQHandler               
0000042f  TA3_0_IRQHandler               
0000042f  TA3_N_IRQHandler               
0000042f  UsageFault_Handler             
0000042f  WDT_A_IRQHandler               
00000431  SystemInit                     
000004a9  __TI_auto_init                 
00000519  EUSCIA1_IRQHandler             
00000519  EUSCIA1_IRQHandler             
00000585  EUSCIA2_IRQHandler             
00000585  EUSCIA2_IRQHandler             
000005f1  EUSCIA3_IRQHandler             
000005f1  EUSCIA3_IRQHandler             
0000065d  __TI_decompress_lzss           
000006c5  EUSCIA0_IRQHandler             
000006c5  EUSCIA0_IRQHandler             
00000725  _c_int00                       
00000779  C$$EXIT                        
0000077d  abort                          
00000785  exit                           
000007cd  copy_in                        
00000819  uartPrint                      
00000865  FlashCtl_setWaitState          
0000088d  CS_setDCOCenteredFrequency     
000008b1  _args_main                     
000008c9  _register_unlock               
000008cf  _register_lock                 
000008d7  _nop                           
000008dd  strlen                         
000008f1  __TI_decompress_none           
000008ff  Reset_Handler                  
0000090b  __TI_zero_init                 
00000917  _system_pre_init               
0000091b  __mpu_init                     
0000091d  _system_post_cinit             
00000920  uart115200_24MHz               
00000944  uart19200_24MHz                
00000968  uart57600_24MHz                
0000098c  uart9600_24MHz                 
000009c4  __TI_Handler_Table_Base        
000009d0  __TI_Handler_Table_Limit       
000009d8  __TI_CINIT_Base                
000009e8  __TI_CINIT_Limit               
20000000  rx0buf                         
20000080  rx1buf                         
20000100  rx2buf                         
20000180  rx3buf                         
20000200  buff0Index                     
20000204  buff1Index                     
20000208  buff2Index                     
2000020c  buff3Index                     
20000210  UART0RxData                    
20000211  UART1RxData                    
20000212  UART2RxData                    
20000213  UART3RxData                    
20000214  __TI_cleanup_ptr               
20000218  __TI_dtors_ptr                 
2000021c  __TI_enable_exit_profile_output
20000220  _lock                          
20000224  _unlock                        
20000228  main_func_sp                   
2000fe00  __stack                        
20010000  __STACK_END                    
4000480c  WDTCTL_SYM                     
ffffffff  __TI_pprof_out_hndl            
ffffffff  __TI_prof_data_size            
ffffffff  __TI_prof_data_start           
ffffffff  __binit__                      
ffffffff  __c_args__                     
ffffffff  binit                          
UNDEFED   SHT$$INIT_ARRAY$$Base          
UNDEFED   SHT$$INIT_ARRAY$$Limit         

[131 symbols]
